Added Component: Designator=C22#1(CAPC1005X55N)
Add component (AddParameter): Name = "Availability"; Value = "Unavailable"; VariantName = "[No Variations]"
Add component (AddParameter): Name = "Manufacturer_Part_Number"; Value = "GRM155R60J475M"; VariantName = "[No Variations]"
Add component (AddParameter): Name = "MF"; Value = "{'manufacturer': u'Taiyo Yuden'}"; VariantName = "[No Variations]"
Add component (AddParameter): Name = "MP"; Value = "GRM155R60J475M"; VariantName = "[No Variations]"
Add component (AddParameter): Name = "Package"; Value = "None"; VariantName = "[No Variations]"
Add component (AddParameter): Name = "Price"; Value = "None"; VariantName = "[No Variations]"
Add component (AddParameter): Name = "Value"; Value = ""; VariantName = "[No Variations]"
Added Component: Designator=C22#2(CAPC1005X55N)
Add component (AddParameter): Name = "Availability"; Value = "Unavailable"; VariantName = "[No Variations]"
Add component (AddParameter): Name = "Manufacturer_Part_Number"; Value = "GRM155R60J475M"; VariantName = "[No Variations]"
Add component (AddParameter): Name = "MF"; Value = "{'manufacturer': u'Taiyo Yuden'}"; VariantName = "[No Variations]"
Add component (AddParameter): Name = "MP"; Value = "GRM155R60J475M"; VariantName = "[No Variations]"
Add component (AddParameter): Name = "Package"; Value = "None"; VariantName = "[No Variations]"
Add component (AddParameter): Name = "Price"; Value = "None"; VariantName = "[No Variations]"
Add component (AddParameter): Name = "Value"; Value = ""; VariantName = "[No Variations]"
Added Component: Designator=C23#1(CAPC1005X55N)
Add component (AddParameter): Name = "Availability"; Value = "Unavailable"; VariantName = "[No Variations]"
Add component (AddParameter): Name = "Manufacturer_Part_Number"; Value = "UMK105B7104KVHF"; VariantName = "[No Variations]"
Add component (AddParameter): Name = "MF"; Value = "{'manufacturer': u'Taiyo Yuden'}"; VariantName = "[No Variations]"
Add component (AddParameter): Name = "MP"; Value = "UMK105B7104KVHF"; VariantName = "[No Variations]"
Add component (AddParameter): Name = "Package"; Value = "None"; VariantName = "[No Variations]"
Add component (AddParameter): Name = "Price"; Value = "None"; VariantName = "[No Variations]"
Add component (AddParameter): Name = "Value"; Value = ""; VariantName = "[No Variations]"
Added Component: Designator=C23#2(CAPC1005X55N)
Add component (AddParameter): Name = "Availability"; Value = "Unavailable"; VariantName = "[No Variations]"
Add component (AddParameter): Name = "Manufacturer_Part_Number"; Value = "UMK105B7104KVHF"; VariantName = "[No Variations]"
Add component (AddParameter): Name = "MF"; Value = "{'manufacturer': u'Taiyo Yuden'}"; VariantName = "[No Variations]"
Add component (AddParameter): Name = "MP"; Value = "UMK105B7104KVHF"; VariantName = "[No Variations]"
Add component (AddParameter): Name = "Package"; Value = "None"; VariantName = "[No Variations]"
Add component (AddParameter): Name = "Price"; Value = "None"; VariantName = "[No Variations]"
Add component (AddParameter): Name = "Value"; Value = ""; VariantName = "[No Variations]"
Added Component: Designator=R6(RC0603N_YAG)
Add component (AddParameter): Name = "Copyright"; Value = "Copyright (C) 2026 Ultra Librarian. All rights reserved."; VariantName = "[No Variations]"
Add component (AddParameter): Name = "Manufacturer_Name"; Value = "Yageo"; VariantName = "[No Variations]"
Add component (AddParameter): Name = "Manufacturer_Part_Number"; Value = "RC0603FR-071K5L"; VariantName = "[No Variations]"
Add component (AddParameter): Name = "RefDes"; Value = ""; VariantName = "[No Variations]"
Add component (AddParameter): Name = "Type"; Value = ""; VariantName = "[No Variations]"
Added Component: Designator=R7(RC0603N_YAG)
Add component (AddParameter): Name = "Copyright"; Value = "Copyright (C) 2026 Ultra Librarian. All rights reserved."; VariantName = "[No Variations]"
Add component (AddParameter): Name = "Manufacturer_Name"; Value = "Yageo"; VariantName = "[No Variations]"
Add component (AddParameter): Name = "Manufacturer_Part_Number"; Value = "RC0603FR-071K5L"; VariantName = "[No Variations]"
Add component (AddParameter): Name = "RefDes"; Value = ""; VariantName = "[No Variations]"
Add component (AddParameter): Name = "Type"; Value = ""; VariantName = "[No Variations]"
Added Component: Designator=R8#1(RC0603N_YAG)
Add component (AddParameter): Name = "Copyright"; Value = "Copyright (C) 2026 Ultra Librarian. All rights reserved."; VariantName = "[No Variations]"
Add component (AddParameter): Name = "Manufacturer_Name"; Value = "Yageo"; VariantName = "[No Variations]"
Add component (AddParameter): Name = "Manufacturer_Part_Number"; Value = "RT0603BRD0710KL"; VariantName = "[No Variations]"
Add component (AddParameter): Name = "RefDes"; Value = ""; VariantName = "[No Variations]"
Add component (AddParameter): Name = "Type"; Value = ""; VariantName = "[No Variations]"
Added Component: Designator=R8#2(RC0603N_YAG)
Add component (AddParameter): Name = "Copyright"; Value = "Copyright (C) 2026 Ultra Librarian. All rights reserved."; VariantName = "[No Variations]"
Add component (AddParameter): Name = "Manufacturer_Name"; Value = "Yageo"; VariantName = "[No Variations]"
Add component (AddParameter): Name = "Manufacturer_Part_Number"; Value = "RT0603BRD0710KL"; VariantName = "[No Variations]"
Add component (AddParameter): Name = "RefDes"; Value = ""; VariantName = "[No Variations]"
Add component (AddParameter): Name = "Type"; Value = ""; VariantName = "[No Variations]"
Added Component: Designator=R9#1(RC0603N_YAG)
Add component (AddParameter): Name = "Copyright"; Value = "Copyright (C) 2026 Ultra Librarian. All rights reserved."; VariantName = "[No Variations]"
Add component (AddParameter): Name = "Manufacturer_Name"; Value = "Yageo"; VariantName = "[No Variations]"
Add component (AddParameter): Name = "Manufacturer_Part_Number"; Value = "RT0603BRD0710KL"; VariantName = "[No Variations]"
Add component (AddParameter): Name = "RefDes"; Value = ""; VariantName = "[No Variations]"
Add component (AddParameter): Name = "Type"; Value = ""; VariantName = "[No Variations]"
Added Component: Designator=R9#2(RC0603N_YAG)
Add component (AddParameter): Name = "Copyright"; Value = "Copyright (C) 2026 Ultra Librarian. All rights reserved."; VariantName = "[No Variations]"
Add component (AddParameter): Name = "Manufacturer_Name"; Value = "Yageo"; VariantName = "[No Variations]"
Add component (AddParameter): Name = "Manufacturer_Part_Number"; Value = "RT0603BRD0710KL"; VariantName = "[No Variations]"
Add component (AddParameter): Name = "RefDes"; Value = ""; VariantName = "[No Variations]"
Add component (AddParameter): Name = "Type"; Value = ""; VariantName = "[No Variations]"
Added Component: Designator=U6#1(LGA12_STM)
Add component (AddParameter): Name = "Copyright"; Value = "Copyright (C) 2026 Ultra Librarian. All rights reserved."; VariantName = "[No Variations]"
Add component (AddParameter): Name = "Manufacturer_Name"; Value = "STMicroelectronics"; VariantName = "[No Variations]"
Add component (AddParameter): Name = "Manufacturer_Part_Number"; Value = "VL53L0CXV0DH/1"; VariantName = "[No Variations]"
Add component (AddParameter): Name = "RefDes"; Value = "RefDes"; VariantName = "[No Variations]"
Add component (AddParameter): Name = "Type"; Value = "Type"; VariantName = "[No Variations]"
Added Component: Designator=U6#2(LGA12_STM)
Add component (AddParameter): Name = "Copyright"; Value = "Copyright (C) 2026 Ultra Librarian. All rights reserved."; VariantName = "[No Variations]"
Add component (AddParameter): Name = "Manufacturer_Name"; Value = "STMicroelectronics"; VariantName = "[No Variations]"
Add component (AddParameter): Name = "Manufacturer_Part_Number"; Value = "VL53L0CXV0DH/1"; VariantName = "[No Variations]"
Add component (AddParameter): Name = "RefDes"; Value = "RefDes"; VariantName = "[No Variations]"
Add component (AddParameter): Name = "Type"; Value = "Type"; VariantName = "[No Variations]"
Added Pin To Net: NetName=GND Pin=C22#1-1
Added Pin To Net: NetName=3V3 Pin=C22#1-2
Added Pin To Net: NetName=GND Pin=C22#2-1
Added Pin To Net: NetName=3V3 Pin=C22#2-2
Added Pin To Net: NetName=GND Pin=C23#1-1
Added Pin To Net: NetName=3V3 Pin=C23#1-2
Added Pin To Net: NetName=GND Pin=C23#2-1
Added Pin To Net: NetName=3V3 Pin=C23#2-2
Added Pin To Net: NetName=3V3 Pin=R6-1
Added Pin To Net: NetName=3V3 Pin=R7-1
Added Pin To Net: NetName=3V3 Pin=R8#1-1
Added Pin To Net: NetName=3V3 Pin=R8#2-1
Added Pin To Net: NetName=3V3 Pin=R9#1-1
Added Pin To Net: NetName=3V3 Pin=R9#2-1
Added Pin To Net: NetName=3V3 Pin=U6#1-1
Added Pin To Net: NetName=GND Pin=U6#1-2
Added Pin To Net: NetName=GND Pin=U6#1-3
Added Pin To Net: NetName=GND Pin=U6#1-4
Added Pin To Net: NetName=GND Pin=U6#1-6
Added Pin To Net: NetName=3V3 Pin=U6#1-11
Added Pin To Net: NetName=GND Pin=U6#1-12
Added Pin To Net: NetName=3V3 Pin=U6#2-1
Added Pin To Net: NetName=GND Pin=U6#2-2
Added Pin To Net: NetName=GND Pin=U6#2-3
Added Pin To Net: NetName=GND Pin=U6#2-4
Added Pin To Net: NetName=GND Pin=U6#2-6
Added Pin To Net: NetName=3V3 Pin=U6#2-11
Added Pin To Net: NetName=GND Pin=U6#2-12
Added Pin To Net: NetName=NetR8#1_2 Pin=R8#1-2
Added Pin To Net: NetName=NetR8#1_2 Pin=U0-54
Added Pin To Net: NetName=NetR8#1_2 Pin=U6#1-5
Added Net: Name=NetR8#1_2
Added Pin To Net: NetName=NetR8#2_2 Pin=R8#2-2
Added Pin To Net: NetName=NetR8#2_2 Pin=U0-56
Added Pin To Net: NetName=NetR8#2_2 Pin=U6#2-5
Added Net: Name=NetR8#2_2
Added Pin To Net: NetName=NetR9#1_2 Pin=R9#1-2
Added Pin To Net: NetName=NetR9#1_2 Pin=U0-2
Added Pin To Net: NetName=NetR9#1_2 Pin=U6#1-7
Added Net: Name=NetR9#1_2
Added Pin To Net: NetName=NetR9#2_2 Pin=R9#2-2
Added Pin To Net: NetName=NetR9#2_2 Pin=U0-60
Added Pin To Net: NetName=NetR9#2_2 Pin=U6#2-7
Added Net: Name=NetR9#2_2
Added Pin To Net: NetName=SCL Pin=R6-2
Added Pin To Net: NetName=SCL Pin=U0-58
Added Pin To Net: NetName=SCL Pin=U6#1-10
Added Pin To Net: NetName=SCL Pin=U6#2-10
Added Net: Name=SCL
Added Pin To Net: NetName=SDA Pin=R7-2
Added Pin To Net: NetName=SDA Pin=U0-59
Added Pin To Net: NetName=SDA Pin=U6#1-9
Added Pin To Net: NetName=SDA Pin=U6#2-9
Added Net: Name=SDA
Change Class Name : Old Net Name=power New Net Name=pwr
Added Class: Name=main
Added Class: Name=tof1
Added Class: Name=tof2
Added Class: Name=tof
Change Room Name: Old Name=power New Name=tof1
Change Room Scope: Old Scope=InComponentClass('power') New Scope=InComponentClass('tof1')
Added Room: Name=pwr
Added Room: Name=tof2
