Change Physical Footprint: Designator=C1 Old Footprint=CAPC1005X55N New Footprint=CAPC1005X55N
Change Physical Footprint: Designator=C2 Old Footprint=CAPC1005X55N New Footprint=CAPC1005X55N
Change Physical Footprint: Designator=C3 Old Footprint=CAPC3225X270N New Footprint=CAPC3225X270N
Change Physical Footprint: Designator=C4 Old Footprint=CAPC2012X145N New Footprint=CAPC2012X145N
Change Physical Footprint: Designator=C5 Old Footprint=CAPC1005X55N New Footprint=CAPC1005X55N
Change Physical Footprint: Designator=C6 Old Footprint=CAPC1005X55N New Footprint=CAPC1005X55N
Change Physical Footprint: Designator=C7 Old Footprint=CAPC1005X55N New Footprint=CAPC1005X55N
Change Physical Footprint: Designator=C8 Old Footprint=CAPC1005X55N New Footprint=CAPC1005X55N
Change Physical Footprint: Designator=C9 Old Footprint=CAPC1005X55N New Footprint=CAPC1005X55N
Change Physical Footprint: Designator=C10 Old Footprint=CAPC1005X55N New Footprint=CAPC1005X55N
Change Physical Footprint: Designator=C11 Old Footprint=CAPC1005X55N New Footprint=CAPC1005X55N
Change Physical Footprint: Designator=C12 Old Footprint=CAPC1005X55N New Footprint=CAPC1005X55N
Change Physical Footprint: Designator=C13 Old Footprint=CAPC1005X55N New Footprint=CAPC1005X55N
Change Physical Footprint: Designator=C14 Old Footprint=CAPC1005X55N New Footprint=CAPC1005X55N
Change Physical Footprint: Designator=C15 Old Footprint=CAPC1005X55N New Footprint=CAPC1005X55N
Change Physical Footprint: Designator=C16 Old Footprint=CAPC1005X55N New Footprint=CAPC1005X55N
Change Physical Footprint: Designator=C17 Old Footprint=CAPC1005X55N New Footprint=CAPC1005X55N
Change Physical Footprint: Designator=C18 Old Footprint=CAPC3225X270N New Footprint=CAPC3225X270N
Change Physical Footprint: Designator=C19 Old Footprint=CAPC1005X55N New Footprint=CAPC1005X55N
Change Physical Footprint: Designator=C20 Old Footprint=CAPC1005X55N New Footprint=CAPC1005X55N
Change Physical Footprint: Designator=C21 Old Footprint=CAPC1005X55N New Footprint=CAPC1005X55N
Change Physical Footprint: Designator=C22#1 Old Footprint=CAPC1005X55N New Footprint=CAPC1005X55N
Change Physical Footprint: Designator=C22#2 Old Footprint=CAPC1005X55N New Footprint=CAPC1005X55N
Change Physical Footprint: Designator=C23#1 Old Footprint=CAPC1005X55N New Footprint=CAPC1005X55N
Change Physical Footprint: Designator=C23#2 Old Footprint=CAPC1005X55N New Footprint=CAPC1005X55N
Change Physical Footprint: Designator=D0 Old Footprint=SODFL1608X70N New Footprint=SODFL1608X70N
Change Physical Footprint: Designator=D1 Old Footprint=QFN1610_STM New Footprint=QFN1610_STM
Change Physical Footprint: Designator=J0 Old Footprint=2171750001_MOL New Footprint=2171750001_MOL
Change Physical Footprint: Designator=J1 Old Footprint=009159010061911 New Footprint=009159010061911
Change Physical Footprint: Designator=J2 Old Footprint=CONN_53398_03_MOL New Footprint=CONN_53398_03_MOL
Change Physical Footprint: Designator=Q1 Old Footprint=U-DFN2020-6 (Type F) New Footprint=U-DFN2020-6 (Type F)
Change Physical Footprint: Designator=R1 Old Footprint=RC0603N_YAG New Footprint=RC0603N_YAG
Change Physical Footprint: Designator=R2 Old Footprint=RC0603N_YAG New Footprint=RC0603N_YAG
Change Physical Footprint: Designator=R3 Old Footprint=RC0603N_YAG New Footprint=RC0603N_YAG
Change Physical Footprint: Designator=R4 Old Footprint=RC0603N_YAG New Footprint=RC0603N_YAG
Change Physical Footprint: Designator=R5 Old Footprint=RC0603N_YAG New Footprint=RC0603N_YAG
Change Physical Footprint: Designator=R6 Old Footprint=RC0603N_YAG New Footprint=RC0603N_YAG
Change Physical Footprint: Designator=R7 Old Footprint=RC0603N_YAG New Footprint=RC0603N_YAG
Change Physical Footprint: Designator=R8#1 Old Footprint=RC0603N_YAG New Footprint=RC0603N_YAG
Change Physical Footprint: Designator=R8#2 Old Footprint=RC0603N_YAG New Footprint=RC0603N_YAG
Change Physical Footprint: Designator=R9#1 Old Footprint=RC0603N_YAG New Footprint=RC0603N_YAG
Change Physical Footprint: Designator=R9#2 Old Footprint=RC0603N_YAG New Footprint=RC0603N_YAG
Change Physical Footprint: Designator=SW1 Old Footprint=B3U3000PB New Footprint=B3U3000PB
Change Physical Footprint: Designator=U0 Old Footprint=QFP50P1200X1200X160-64N New Footprint=QFP50P1200X1200X160-64N
Change Physical Footprint: Designator=U1 Old Footprint=QFN50P300X300X100-13N-D New Footprint=QFN50P300X300X100-13N-D
Change Physical Footprint: Designator=U2 Old Footprint=RCJ0009A-MFG New Footprint=RCJ0009A-MFG
Change Physical Footprint: Designator=U3 Old Footprint=SOP65P640X120-14N New Footprint=SOP65P640X120-14N
Change Physical Footprint: Designator=U4 Old Footprint=QFN40P300X300X90-21N New Footprint=QFN40P300X300X90-21N
Change Physical Footprint: Designator=U6#1 Old Footprint=LGA12_STM New Footprint=LGA12_STM
Change Physical Footprint: Designator=U6#2 Old Footprint=LGA12_STM New Footprint=LGA12_STM
