Replace Part C1 UMK105B7104KVHF in C:\Mac\Home\Documents\Fall 25\Thesis\hci\pcb\context_disk\context_disk\power.SchDoc with UMK105B7104KVHF from UMK105B7104KVHF.SchLib
Replace Part C2 UMK105B7104KVHF in C:\Mac\Home\Documents\Fall 25\Thesis\hci\pcb\context_disk\context_disk\power.SchDoc with UMK105B7104KVHF from UMK105B7104KVHF.SchLib
Replace Part C3 MSASU32MSB5106KPNA01 in C:\Mac\Home\Documents\Fall 25\Thesis\hci\pcb\context_disk\context_disk\power.SchDoc with MSASU32MSB5106KPNA01 from UMK105B7104KVHF.SchLib
Replace Part C4 MSASL21GBB5476MTNA01 in C:\Mac\Home\Documents\Fall 25\Thesis\hci\pcb\context_disk\context_disk\power.SchDoc with MSASL21GBB5476MTNA01 from UMK105B7104KVHF.SchLib
Replace Part C5 UMK105B7104KVHF in C:\Mac\Home\Documents\Fall 25\Thesis\hci\pcb\context_disk\context_disk\power.SchDoc with UMK105B7104KVHF from UMK105B7104KVHF.SchLib
Replace Part C6 UMK105B7104KVHF in C:\Mac\Home\Documents\Fall 25\Thesis\hci\pcb\context_disk\context_disk\power.SchDoc with UMK105B7104KVHF from UMK105B7104KVHF.SchLib
Replace Part C7 GRM155R60J475M in C:\Mac\Home\Documents\Fall 25\Thesis\hci\pcb\context_disk\context_disk\power.SchDoc with GRM155R60J475M from UMK105B7104KVHF.SchLib
Replace Part C8 UMK105B7104KVHF in C:\Mac\Home\Documents\Fall 25\Thesis\hci\pcb\context_disk\context_disk\power.SchDoc with UMK105B7104KVHF from UMK105B7104KVHF.SchLib
Replace Part C9 GRM155R60J105K in C:\Mac\Home\Documents\Fall 25\Thesis\hci\pcb\context_disk\context_disk\power.SchDoc with GRM155R60J105K from UMK105B7104KVHF.SchLib
Replace Part C10 UMK105B7104KVHF in C:\Mac\Home\Documents\Fall 25\Thesis\hci\pcb\context_disk\context_disk\power.SchDoc with UMK105B7104KVHF from UMK105B7104KVHF.SchLib
Replace Part C11 GRM155R60J106M in C:\Mac\Home\Documents\Fall 25\Thesis\hci\pcb\context_disk\context_disk\power.SchDoc with GRM155R60J106M from UMK105B7104KVHF.SchLib
Replace Part C12 UMK105B7104KVHF in C:\Mac\Home\Documents\Fall 25\Thesis\hci\pcb\context_disk\context_disk\power.SchDoc with UMK105B7104KVHF from UMK105B7104KVHF.SchLib
Replace Part C13 MCASU105SCG331JFNA01 in C:\Mac\Home\Documents\Fall 25\Thesis\hci\pcb\context_disk\context_disk\power.SchDoc with MCASU105SCG331JFNA01 from UMK105B7104KVHF.SchLib
Replace Part C14 MCASU105SCG331JFNA01 in C:\Mac\Home\Documents\Fall 25\Thesis\hci\pcb\context_disk\context_disk\power.SchDoc with MCASU105SCG331JFNA01 from UMK105B7104KVHF.SchLib
Replace Part C15 UMK105B7104KVHF in C:\Mac\Home\Documents\Fall 25\Thesis\hci\pcb\context_disk\context_disk\power.SchDoc with UMK105B7104KVHF from UMK105B7104KVHF.SchLib
Replace Part D0 BAT54KFILM in C:\Mac\Home\Documents\Fall 25\Thesis\hci\pcb\context_disk\context_disk\power.SchDoc with BAT54KFILM from BAT54KFILM.SchLib
Replace Part D1 ESDA25P35-1U1M in C:\Mac\Home\Documents\Fall 25\Thesis\hci\pcb\context_disk\context_disk\power.SchDoc with ESDA25P35-1U1M from ESDA25P35-1U1M.SchLib
Replace Part J0 2171750001 in C:\Mac\Home\Documents\Fall 25\Thesis\hci\pcb\context_disk\context_disk\power.SchDoc with 2171750001 from 2171750001.SchLib
Replace Part Q1 DMT35M4LFDF in C:\Mac\Home\Documents\Fall 25\Thesis\hci\pcb\context_disk\context_disk\power.SchDoc with DMT35M4LFDF from DMT35M4LFDF.SchLib
Replace Part R1 RT0603BRD0710KL in C:\Mac\Home\Documents\Fall 25\Thesis\hci\pcb\context_disk\context_disk\power.SchDoc with RT0603BRD0710KL from RT0603BRE07475RL.SchLib
Replace Part R2 RT0603BRD0745K3L in C:\Mac\Home\Documents\Fall 25\Thesis\hci\pcb\context_disk\context_disk\power.SchDoc with RT0603BRD0745K3L from RT0603BRE07475RL.SchLib
Replace Part R3 RT0603BRE07475RL in C:\Mac\Home\Documents\Fall 25\Thesis\hci\pcb\context_disk\context_disk\power.SchDoc with RT0603BRE07475RL from RT0603BRE07475RL.SchLib
Replace Part R4 RT0603BRD0718KL in C:\Mac\Home\Documents\Fall 25\Thesis\hci\pcb\context_disk\context_disk\power.SchDoc with RT0603BRD0718KL from RT0603BRE07475RL.SchLib
Replace Part R5 RT0603BRD0710KL in C:\Mac\Home\Documents\Fall 25\Thesis\hci\pcb\context_disk\context_disk\power.SchDoc with RT0603BRD0710KL from RT0603BRE07475RL.SchLib
Replace Part SW1 B3U-3100P-B in C:\Mac\Home\Documents\Fall 25\Thesis\hci\pcb\context_disk\context_disk\power.SchDoc with B3U-3100P-B from B3U-3000P-B.SchLib
Replace Part U0 STM32U575RGT3 in C:\Mac\Home\Documents\Fall 25\Thesis\hci\pcb\context_disk\context_disk\power.SchDoc with STM32U575RGT3 from STM32U575RGT3.SchLib
Replace Part U0 STM32U575RGT3 in C:\Mac\Home\Documents\Fall 25\Thesis\hci\pcb\context_disk\context_disk\power.SchDoc with STM32U575RGT3 from STM32U575RGT3.SchLib
Replace Part U0 STM32U575RGT3 in C:\Mac\Home\Documents\Fall 25\Thesis\hci\pcb\context_disk\context_disk\power.SchDoc with STM32U575RGT3 from STM32U575RGT3.SchLib
Replace Part U1 TCPP01-M12 in C:\Mac\Home\Documents\Fall 25\Thesis\hci\pcb\context_disk\context_disk\power.SchDoc with TCPP01-M12 from TCPP01-M12.SchLib
Replace Part U2 TPSM84338RCJR in C:\Mac\Home\Documents\Fall 25\Thesis\hci\pcb\context_disk\context_disk\power.SchDoc with TPSM84338RCJR from TPSM84338RCJR.SchLib
