FILE_TYPE=LIBRARY_PARTS;
PRIMITIVE 'B3U_3000P_B','B3U_3000P_B_Other';
  PIN
    'COM':
      PIN_NUMBER='(1)';
      NO_LOAD_CHECK=BOTH;
      NO_IO_CHECK=BOTH;
      ALLOW_CONNECT=TRUE;
      PINUSE='UNSPEC';
    'N.O.':
      PIN_NUMBER='(2)';
      NO_LOAD_CHECK=BOTH;
      NO_IO_CHECK=BOTH;
      ALLOW_CONNECT=TRUE;
      PINUSE='UNSPEC';
  END_PIN;
  BODY
    PART_NAME='B3U_3000P_B';
    PHYS_DES_PREFIX='S';
    NO_LOAD_CHECK='TRUE';
    PIN_COUNT='2';
    BODY_NAME='B3U_3000P_B';
    JEDEC_TYPE='B3U3000PB';
  END_BODY;
END_PRIMITIVE;
END.
